[SPX] Starting
[SPX] Trading 3 products: GPU Router Cake
[SPX] Created FIFO /tmp/spx_exchange_0
[SPX] Created FIFO /tmp/spx_trader_0
[SPX] Starting trader 0 (./test_trader)
[SPX] Connected to /tmp/spx_exchange_0
[SPX] Connected to /tmp/spx_trader_0
[SPX] Created FIFO /tmp/spx_exchange_1
[SPX] Created FIFO /tmp/spx_trader_1
[SPX] Starting trader 1 (./test_trader2)
[SPX] Connected to /tmp/spx_exchange_1
[SPX] Connected to /tmp/spx_trader_1
[SPX] [T0] Parsing command: <BUY 0 GPU 30 500>
[SPX]	--ORDERBOOK--
[SPX]	Product: GPU; Buy levels: 1; Sell levels: 0
[SPX]		BUY 30 @ $500 (1 order)
[SPX]	Product: Router; Buy levels: 0; Sell levels: 0
[SPX]	Product: Cake; Buy levels: 0; Sell levels: 0
[SPX]	--POSITIONS--
[SPX]	Trader 0: GPU 0 ($0), Router 0 ($0), Cake 0 ($0)
[SPX]	Trader 1: GPU 0 ($0), Router 0 ($0), Cake 0 ($0)
[SPX] [T0] Parsing command: <BUY 1 GPU 30 501>
[SPX]	--ORDERBOOK--
[SPX]	Product: GPU; Buy levels: 2; Sell levels: 0
[SPX]		BUY 30 @ $501 (1 order)
[SPX]		BUY 30 @ $500 (1 order)
[SPX]	Product: Router; Buy levels: 0; Sell levels: 0
[SPX]	Product: Cake; Buy levels: 0; Sell levels: 0
[SPX]	--POSITIONS--
[SPX]	Trader 0: GPU 0 ($0), Router 0 ($0), Cake 0 ($0)
[SPX]	Trader 1: GPU 0 ($0), Router 0 ($0), Cake 0 ($0)
[SPX] [T0] Parsing command: <BUY 2 GPU 30 501>
[SPX]	--ORDERBOOK--
[SPX]	Product: GPU; Buy levels: 2; Sell levels: 0
[SPX]		BUY 60 @ $501 (2 orders)
[SPX]		BUY 30 @ $500 (1 order)
[SPX]	Product: Router; Buy levels: 0; Sell levels: 0
[SPX]	Product: Cake; Buy levels: 0; Sell levels: 0
[SPX]	--POSITIONS--
[SPX]	Trader 0: GPU 0 ($0), Router 0 ($0), Cake 0 ($0)
[SPX]	Trader 1: GPU 0 ($0), Router 0 ($0), Cake 0 ($0)
[SPX] [T0] Parsing command: <BUY 3 GPU 30 502>
[SPX]	--ORDERBOOK--
[SPX]	Product: GPU; Buy levels: 3; Sell levels: 0
[SPX]		BUY 30 @ $502 (1 order)
[SPX]		BUY 60 @ $501 (2 orders)
[SPX]		BUY 30 @ $500 (1 order)
[SPX]	Product: Router; Buy levels: 0; Sell levels: 0
[SPX]	Product: Cake; Buy levels: 0; Sell levels: 0
[SPX]	--POSITIONS--
[SPX]	Trader 0: GPU 0 ($0), Router 0 ($0), Cake 0 ($0)
[SPX]	Trader 1: GPU 0 ($0), Router 0 ($0), Cake 0 ($0)
[SPX] [T1] Parsing command: <SELL 0 GPU 99 511>
[SPX]	--ORDERBOOK--
[SPX]	Product: GPU; Buy levels: 3; Sell levels: 1
[SPX]		SELL 99 @ $511 (1 order)
[SPX]		BUY 30 @ $502 (1 order)
[SPX]		BUY 60 @ $501 (2 orders)
[SPX]		BUY 30 @ $500 (1 order)
[SPX]	Product: Router; Buy levels: 0; Sell levels: 0
[SPX]	Product: Cake; Buy levels: 0; Sell levels: 0
[SPX]	--POSITIONS--
[SPX]	Trader 0: GPU 0 ($0), Router 0 ($0), Cake 0 ($0)
[SPX]	Trader 1: GPU 0 ($0), Router 0 ($0), Cake 0 ($0)
[SPX] [T1] Parsing command: <SELL 1 GPU 99 402>
[SPX] Match: Order 3 [T0], New Order 1 [T1], value: $15060, fee: $151.
[SPX] Match: Order 1 [T0], New Order 1 [T1], value: $15030, fee: $150.
[SPX] Match: Order 2 [T0], New Order 1 [T1], value: $15030, fee: $150.
[SPX] Match: Order 0 [T0], New Order 1 [T1], value: $4500, fee: $45.
[SPX]	--ORDERBOOK--
[SPX]	Product: GPU; Buy levels: 1; Sell levels: 1
[SPX]		SELL 99 @ $511 (1 order)
[SPX]		BUY 21 @ $500 (1 order)
[SPX]	Product: Router; Buy levels: 0; Sell levels: 0
[SPX]	Product: Cake; Buy levels: 0; Sell levels: 0
[SPX]	--POSITIONS--
[SPX]	Trader 0: GPU 99 ($-49620), Router 0 ($0), Cake 0 ($0)
[SPX]	Trader 1: GPU -99 ($49124), Router 0 ($0), Cake 0 ($0)
[SPX] Trader 0 disconnected
[SPX] Trader 1 disconnected
[SPX] Trading completed
[SPX] Exchange fees collected: $496
