[SPX] Starting
[SPX] Trading 1 products: GPU
[SPX] Created FIFO /tmp/spx_exchange_0
[SPX] Created FIFO /tmp/spx_trader_0
[SPX] Starting trader 0 (./test_trader)
[SPX] Connected to /tmp/spx_exchange_0
[SPX] Connected to /tmp/spx_trader_0
[SPX] [T0] Parsing command: <BUY 0 GPU 999999 999999>
[SPX]	--ORDERBOOK--
[SPX]	Product: GPU; Buy levels: 1; Sell levels: 0
[SPX]		BUY 999999 @ $999999 (1 order)
[SPX]	--POSITIONS--
[SPX]	Trader 0: GPU 0 ($0)
[SPX] [T0] Parsing command: <SELL 1 GPU 999998 999998>
[SPX] Match: Order 0 [T0], New Order 1 [T0], value: $999997000002, fee: $9999970000.
[SPX]	--ORDERBOOK--
[SPX]	Product: GPU; Buy levels: 1; Sell levels: 0
[SPX]		BUY 1 @ $999999 (1 order)
[SPX]	--POSITIONS--
[SPX]	Trader 0: GPU 0 ($-9999970000)
[SPX] Trader 0 disconnected
[SPX] Trading completed
[SPX] Exchange fees collected: $9999970000
