[SPX] Starting
[SPX] Trading 3 products: GPU Router Cake
[SPX] Created FIFO /tmp/spx_exchange_0
[SPX] Created FIFO /tmp/spx_trader_0
[SPX] Starting trader 0 (./test_trader)
[SPX] Connected to /tmp/spx_exchange_0
[SPX] Connected to /tmp/spx_trader_0
[SPX] [T0] Parsing command: <BUY 0 Cake 10 20>
[SPX]	--ORDERBOOK--
[SPX]	Product: GPU; Buy levels: 0; Sell levels: 0
[SPX]	Product: Router; Buy levels: 0; Sell levels: 0
[SPX]	Product: Cake; Buy levels: 1; Sell levels: 0
[SPX]		BUY 10 @ $20 (1 order)
[SPX]	--POSITIONS--
[SPX]	Trader 0: GPU 0 ($0), Router 0 ($0), Cake 0 ($0)
[SPX] [T0] Parsing command: <BUY 1 Cake 10 20>
[SPX]	--ORDERBOOK--
[SPX]	Product: GPU; Buy levels: 0; Sell levels: 0
[SPX]	Product: Router; Buy levels: 0; Sell levels: 0
[SPX]	Product: Cake; Buy levels: 1; Sell levels: 0
[SPX]		BUY 20 @ $20 (2 orders)
[SPX]	--POSITIONS--
[SPX]	Trader 0: GPU 0 ($0), Router 0 ($0), Cake 0 ($0)
[SPX] [T0] Parsing command: <BUY 2 Cake 10 20>
[SPX]	--ORDERBOOK--
[SPX]	Product: GPU; Buy levels: 0; Sell levels: 0
[SPX]	Product: Router; Buy levels: 0; Sell levels: 0
[SPX]	Product: Cake; Buy levels: 1; Sell levels: 0
[SPX]		BUY 30 @ $20 (3 orders)
[SPX]	--POSITIONS--
[SPX]	Trader 0: GPU 0 ($0), Router 0 ($0), Cake 0 ($0)
[SPX] [T0] Parsing command: <AMEND 0 10 20>
[SPX]	--ORDERBOOK--
[SPX]	Product: GPU; Buy levels: 0; Sell levels: 0
[SPX]	Product: Router; Buy levels: 0; Sell levels: 0
[SPX]	Product: Cake; Buy levels: 1; Sell levels: 0
[SPX]		BUY 30 @ $20 (3 orders)
[SPX]	--POSITIONS--
[SPX]	Trader 0: GPU 0 ($0), Router 0 ($0), Cake 0 ($0)
[SPX] [T0] Parsing command: <SELL 3 Cake 21 20>
[SPX] Match: Order 1 [T0], New Order 3 [T0], value: $200, fee: $2.
[SPX] Match: Order 2 [T0], New Order 3 [T0], value: $200, fee: $2.
[SPX] Match: Order 0 [T0], New Order 3 [T0], value: $20, fee: $0.
[SPX]	--ORDERBOOK--
[SPX]	Product: GPU; Buy levels: 0; Sell levels: 0
[SPX]	Product: Router; Buy levels: 0; Sell levels: 0
[SPX]	Product: Cake; Buy levels: 1; Sell levels: 0
[SPX]		BUY 9 @ $20 (1 order)
[SPX]	--POSITIONS--
[SPX]	Trader 0: GPU 0 ($0), Router 0 ($0), Cake 0 ($-4)
[SPX] Trader 0 disconnected
[SPX] Trading completed
[SPX] Exchange fees collected: $4
