[T0] Received: MARKET OPEN
[T0] Received: ACCEPTED 0
[T0] Received: ACCEPTED 1
[T0] Received: ACCEPTED 2
[T0] Received: AMENDED 0
[T0] Received: ACCEPTED 3
[T0] Received: FILL 1 10
[T0] Received: FILL 3 10
[T0] Received: FILL 2 10
[T0] Received: FILL 3 10
[T0] Received: FILL 0 1
[T0] Received: FILL 3 1
[T0] Event: DISCONNECT
