[SPX] Starting
[SPX] Exchange shutting down due to error
[SPX] Exchange has cleared all memory
