[SPX] Starting
[SPX] Trading 3 products: GPU Router Cake
[SPX] Created FIFO /tmp/spx_exchange_0
[SPX] Created FIFO /tmp/spx_trader_0
[SPX] Starting trader 0 (./test_trader)
[SPX] Connected to /tmp/spx_exchange_0
[SPX] Connected to /tmp/spx_trader_0
[SPX] [T0] Parsing command: <BUY 0 GPU 800 20>
[SPX]	--ORDERBOOK--
[SPX]	Product: GPU; Buy levels: 1; Sell levels: 0
[SPX]		BUY 800 @ $20 (1 order)
[SPX]	Product: Router; Buy levels: 0; Sell levels: 0
[SPX]	Product: Cake; Buy levels: 0; Sell levels: 0
[SPX]	--POSITIONS--
[SPX]	Trader 0: GPU 0 ($0), Router 0 ($0), Cake 0 ($0)
[SPX] [T0] Parsing command: <BUY 1 Router 30 20>
[SPX]	--ORDERBOOK--
[SPX]	Product: GPU; Buy levels: 1; Sell levels: 0
[SPX]		BUY 800 @ $20 (1 order)
[SPX]	Product: Router; Buy levels: 1; Sell levels: 0
[SPX]		BUY 30 @ $20 (1 order)
[SPX]	Product: Cake; Buy levels: 0; Sell levels: 0
[SPX]	--POSITIONS--
[SPX]	Trader 0: GPU 0 ($0), Router 0 ($0), Cake 0 ($0)
[SPX] [T0] Parsing command: <SELL 2 GPU 30 50>
[SPX]	--ORDERBOOK--
[SPX]	Product: GPU; Buy levels: 1; Sell levels: 1
[SPX]		SELL 30 @ $50 (1 order)
[SPX]		BUY 800 @ $20 (1 order)
[SPX]	Product: Router; Buy levels: 1; Sell levels: 0
[SPX]		BUY 30 @ $20 (1 order)
[SPX]	Product: Cake; Buy levels: 0; Sell levels: 0
[SPX]	--POSITIONS--
[SPX]	Trader 0: GPU 0 ($0), Router 0 ($0), Cake 0 ($0)
[SPX] [T0] Parsing command: <AMEND 0 700 23>
[SPX]	--ORDERBOOK--
[SPX]	Product: GPU; Buy levels: 1; Sell levels: 1
[SPX]		SELL 30 @ $50 (1 order)
[SPX]		BUY 700 @ $23 (1 order)
[SPX]	Product: Router; Buy levels: 1; Sell levels: 0
[SPX]		BUY 30 @ $20 (1 order)
[SPX]	Product: Cake; Buy levels: 0; Sell levels: 0
[SPX]	--POSITIONS--
[SPX]	Trader 0: GPU 0 ($0), Router 0 ($0), Cake 0 ($0)
[SPX] [T0] Parsing command: <BUY 3 GPU 750 25>
[SPX]	--ORDERBOOK--
[SPX]	Product: GPU; Buy levels: 2; Sell levels: 1
[SPX]		SELL 30 @ $50 (1 order)
[SPX]		BUY 750 @ $25 (1 order)
[SPX]		BUY 700 @ $23 (1 order)
[SPX]	Product: Router; Buy levels: 1; Sell levels: 0
[SPX]		BUY 30 @ $20 (1 order)
[SPX]	Product: Cake; Buy levels: 0; Sell levels: 0
[SPX]	--POSITIONS--
[SPX]	Trader 0: GPU 0 ($0), Router 0 ($0), Cake 0 ($0)
[SPX] [T0] Parsing command: <AMEND 0 700 23>
[SPX]	--ORDERBOOK--
[SPX]	Product: GPU; Buy levels: 2; Sell levels: 1
[SPX]		SELL 30 @ $50 (1 order)
[SPX]		BUY 750 @ $25 (1 order)
[SPX]		BUY 700 @ $23 (1 order)
[SPX]	Product: Router; Buy levels: 1; Sell levels: 0
[SPX]		BUY 30 @ $20 (1 order)
[SPX]	Product: Cake; Buy levels: 0; Sell levels: 0
[SPX]	--POSITIONS--
[SPX]	Trader 0: GPU 0 ($0), Router 0 ($0), Cake 0 ($0)
[SPX] [T0] Parsing command: <SELL 4 GPU 850 22>
[SPX] Match: Order 3 [T0], New Order 4 [T0], value: $18750, fee: $188.
[SPX] Match: Order 0 [T0], New Order 4 [T0], value: $2300, fee: $23.
[SPX]	--ORDERBOOK--
[SPX]	Product: GPU; Buy levels: 1; Sell levels: 1
[SPX]		SELL 30 @ $50 (1 order)
[SPX]		BUY 600 @ $23 (1 order)
[SPX]	Product: Router; Buy levels: 1; Sell levels: 0
[SPX]		BUY 30 @ $20 (1 order)
[SPX]	Product: Cake; Buy levels: 0; Sell levels: 0
[SPX]	--POSITIONS--
[SPX]	Trader 0: GPU 0 ($-211), Router 0 ($0), Cake 0 ($0)
[SPX] Trader 0 disconnected
[SPX] Trading completed
[SPX] Exchange fees collected: $211
