[SPX] Starting
[SPX] Trading 3 products: GPU Router Cake
[SPX] Created FIFO /tmp/spx_exchange_0
[SPX] Created FIFO /tmp/spx_trader_0
[SPX] Starting trader 0 (./test_trader)
[SPX] Connected to /tmp/spx_exchange_0
[SPX] Connected to /tmp/spx_trader_0
[SPX] Created FIFO /tmp/spx_exchange_1
[SPX] Created FIFO /tmp/spx_trader_1
[SPX] Starting trader 1 (./spx_trader)
[SPX] Connected to /tmp/spx_exchange_1
[SPX] Connected to /tmp/spx_trader_1
[SPX] [T0] Parsing command: <SELL 0 Router 10 50>
[SPX]	--ORDERBOOK--
[SPX]	Product: GPU; Buy levels: 0; Sell levels: 0
[SPX]	Product: Router; Buy levels: 0; Sell levels: 1
[SPX]		SELL 10 @ $50 (1 order)
[SPX]	Product: Cake; Buy levels: 0; Sell levels: 0
[SPX]	--POSITIONS--
[SPX]	Trader 0: GPU 0 ($0), Router 0 ($0), Cake 0 ($0)
[SPX]	Trader 1: GPU 0 ($0), Router 0 ($0), Cake 0 ($0)
[SPX] [T1] Parsing command: <BUY 0 Router 10 50>
[SPX] Match: Order 0 [T0], New Order 0 [T1], value: $500, fee: $5.
[SPX]	--ORDERBOOK--
[SPX]	Product: GPU; Buy levels: 0; Sell levels: 0
[SPX]	Product: Router; Buy levels: 0; Sell levels: 0
[SPX]	Product: Cake; Buy levels: 0; Sell levels: 0
[SPX]	--POSITIONS--
[SPX]	Trader 0: GPU 0 ($0), Router -10 ($500), Cake 0 ($0)
[SPX]	Trader 1: GPU 0 ($0), Router 10 ($-505), Cake 0 ($0)
[SPX] [T0] Parsing command: <SELL 1 Cake 100 500>
[SPX]	--ORDERBOOK--
[SPX]	Product: GPU; Buy levels: 0; Sell levels: 0
[SPX]	Product: Router; Buy levels: 0; Sell levels: 0
[SPX]	Product: Cake; Buy levels: 0; Sell levels: 1
[SPX]		SELL 100 @ $500 (1 order)
[SPX]	--POSITIONS--
[SPX]	Trader 0: GPU 0 ($0), Router -10 ($500), Cake 0 ($0)
[SPX]	Trader 1: GPU 0 ($0), Router 10 ($-505), Cake 0 ($0)
[SPX] [T1] Parsing command: <BUY 1 Cake 100 500>
[SPX] Match: Order 1 [T0], New Order 1 [T1], value: $50000, fee: $500.
[SPX]	--ORDERBOOK--
[SPX]	Product: GPU; Buy levels: 0; Sell levels: 0
[SPX]	Product: Router; Buy levels: 0; Sell levels: 0
[SPX]	Product: Cake; Buy levels: 0; Sell levels: 0
[SPX]	--POSITIONS--
[SPX]	Trader 0: GPU 0 ($0), Router -10 ($500), Cake -100 ($50000)
[SPX]	Trader 1: GPU 0 ($0), Router 10 ($-505), Cake 100 ($-50500)
[SPX] [T0] Parsing command: <SELL 2 GPU 1 2000>
[SPX]	--ORDERBOOK--
[SPX]	Product: GPU; Buy levels: 0; Sell levels: 1
[SPX]		SELL 1 @ $2000 (1 order)
[SPX]	Product: Router; Buy levels: 0; Sell levels: 0
[SPX]	Product: Cake; Buy levels: 0; Sell levels: 0
[SPX]	--POSITIONS--
[SPX]	Trader 0: GPU 0 ($0), Router -10 ($500), Cake -100 ($50000)
[SPX]	Trader 1: GPU 0 ($0), Router 10 ($-505), Cake 100 ($-50500)
[SPX] [T1] Parsing command: <BUY 2 GPU 1 2000>
[SPX] Match: Order 2 [T0], New Order 2 [T1], value: $2000, fee: $20.
[SPX]	--ORDERBOOK--
[SPX]	Product: GPU; Buy levels: 0; Sell levels: 0
[SPX]	Product: Router; Buy levels: 0; Sell levels: 0
[SPX]	Product: Cake; Buy levels: 0; Sell levels: 0
[SPX]	--POSITIONS--
[SPX]	Trader 0: GPU -1 ($2000), Router -10 ($500), Cake -100 ($50000)
[SPX]	Trader 1: GPU 1 ($-2020), Router 10 ($-505), Cake 100 ($-50500)
[SPX] [T0] Parsing command: <SELL 3 Router 1000 5000>
[SPX]	--ORDERBOOK--
[SPX]	Product: GPU; Buy levels: 0; Sell levels: 0
[SPX]	Product: Router; Buy levels: 0; Sell levels: 1
[SPX]		SELL 1000 @ $5000 (1 order)
[SPX]	Product: Cake; Buy levels: 0; Sell levels: 0
[SPX]	--POSITIONS--
[SPX]	Trader 0: GPU -1 ($2000), Router -10 ($500), Cake -100 ($50000)
[SPX]	Trader 1: GPU 1 ($-2020), Router 10 ($-505), Cake 100 ($-50500)
[SPX] Trader 1 disconnected
[SPX] Trader 0 disconnected
[SPX] Trading completed
[SPX] Exchange fees collected: $525
