[T0] Received: MARKET OPEN
[T0] Received: ACCEPTED 0
[T0] Received: MARKET BUY Router 10 50
[T0] Received: FILL 0 10
[T0] Received: ACCEPTED 1
[T0] Received: MARKET BUY Cake 100 500
[T0] Received: FILL 1 100
[T0] Received: ACCEPTED 2
[T0] Received: MARKET BUY GPU 1 2000
[T0] Received: FILL 2 1
[T0] Received: ACCEPTED 3
[T0] Event: DISCONNECT
