[T1] Received: MARKET OPEN
[T1] Received: MARKET BUY GPU 30 500
[T1] Received: MARKET BUY GPU 1 1
[T1] Received: MARKET BUY GPU 0 0
[T1] Event: DISCONNECT
