[SPX] Starting
[SPX] Trading 3 products: GPU Router Cake
[SPX] Created FIFO /tmp/spx_exchange_0
[SPX] Created FIFO /tmp/spx_trader_0
[SPX] Starting trader 0 (./test_trader)
[SPX] Connected to /tmp/spx_exchange_0
[SPX] Connected to /tmp/spx_trader_0
[SPX] [T0] Parsing command: <SELL 1 GPU 100 20>
[SPX] [T0] Parsing command: <SELL 0 GOOG 20 30>
[SPX] [T0] Parsing command: <SELL 0 GPU 0 1>
[SPX] [T0] Parsing command: <SELL 0 GPU 1 0>
[SPX] [T0] Parsing command: <SELL 0 GPU 1000000 0>
[SPX] [T0] Parsing command: <SELL 0 GPU 0 1000000>
[SPX] [T0] Parsing command: <SELL 0 GPU abc 1>
[SPX] [T0] Parsing command: <SELL 0 GPU 1 abc>
[SPX] [T0] Parsing command: <SELL 0 GPU 1 1>
[SPX]	--ORDERBOOK--
[SPX]	Product: GPU; Buy levels: 0; Sell levels: 1
[SPX]		SELL 1 @ $1 (1 order)
[SPX]	Product: Router; Buy levels: 0; Sell levels: 0
[SPX]	Product: Cake; Buy levels: 0; Sell levels: 0
[SPX]	--POSITIONS--
[SPX]	Trader 0: GPU 0 ($0), Router 0 ($0), Cake 0 ($0)
[SPX] [T0] Parsing command: <SELL 0 GPU 1 1>
[SPX] Trader 0 disconnected
[SPX] Trading completed
[SPX] Exchange fees collected: $0
