[SPX] Starting
[SPX] Trading 3 products: GPU Router Cake
[SPX] Created FIFO /tmp/spx_exchange_0
[SPX] Created FIFO /tmp/spx_trader_0
[SPX] Starting trader 0 (./test_trader)
[SPX] Connected to /tmp/spx_exchange_0
[SPX] Connected to /tmp/spx_trader_0
[SPX] Created FIFO /tmp/spx_exchange_1
[SPX] Created FIFO /tmp/spx_trader_1
[SPX] Starting trader 1 (./test_trader2)
[SPX] Connected to /tmp/spx_exchange_1
[SPX] Connected to /tmp/spx_trader_1
[SPX] [T0] Parsing command: <SELL 0 Cake 5 10>
[SPX]	--ORDERBOOK--
[SPX]	Product: GPU; Buy levels: 0; Sell levels: 0
[SPX]	Product: Router; Buy levels: 0; Sell levels: 0
[SPX]	Product: Cake; Buy levels: 0; Sell levels: 1
[SPX]		SELL 5 @ $10 (1 order)
[SPX]	--POSITIONS--
[SPX]	Trader 0: GPU 0 ($0), Router 0 ($0), Cake 0 ($0)
[SPX]	Trader 1: GPU 0 ($0), Router 0 ($0), Cake 0 ($0)
[SPX] [T0] Parsing command: <SELL 1 Router 1 120>
[SPX]	--ORDERBOOK--
[SPX]	Product: GPU; Buy levels: 0; Sell levels: 0
[SPX]	Product: Router; Buy levels: 0; Sell levels: 1
[SPX]		SELL 1 @ $120 (1 order)
[SPX]	Product: Cake; Buy levels: 0; Sell levels: 1
[SPX]		SELL 5 @ $10 (1 order)
[SPX]	--POSITIONS--
[SPX]	Trader 0: GPU 0 ($0), Router 0 ($0), Cake 0 ($0)
[SPX]	Trader 1: GPU 0 ($0), Router 0 ($0), Cake 0 ($0)
[SPX] [T0] Parsing command: <SELL 2 Router 1 140>
[SPX]	--ORDERBOOK--
[SPX]	Product: GPU; Buy levels: 0; Sell levels: 0
[SPX]	Product: Router; Buy levels: 0; Sell levels: 2
[SPX]		SELL 1 @ $140 (1 order)
[SPX]		SELL 1 @ $120 (1 order)
[SPX]	Product: Cake; Buy levels: 0; Sell levels: 1
[SPX]		SELL 5 @ $10 (1 order)
[SPX]	--POSITIONS--
[SPX]	Trader 0: GPU 0 ($0), Router 0 ($0), Cake 0 ($0)
[SPX]	Trader 1: GPU 0 ($0), Router 0 ($0), Cake 0 ($0)
[SPX] [T0] Parsing command: <SELL 3 Router 1 130>
[SPX]	--ORDERBOOK--
[SPX]	Product: GPU; Buy levels: 0; Sell levels: 0
[SPX]	Product: Router; Buy levels: 0; Sell levels: 3
[SPX]		SELL 1 @ $140 (1 order)
[SPX]		SELL 1 @ $130 (1 order)
[SPX]		SELL 1 @ $120 (1 order)
[SPX]	Product: Cake; Buy levels: 0; Sell levels: 1
[SPX]		SELL 5 @ $10 (1 order)
[SPX]	--POSITIONS--
[SPX]	Trader 0: GPU 0 ($0), Router 0 ($0), Cake 0 ($0)
[SPX]	Trader 1: GPU 0 ($0), Router 0 ($0), Cake 0 ($0)
[SPX] [T0] Parsing command: <SELL 4 Cake 7 8>
[SPX]	--ORDERBOOK--
[SPX]	Product: GPU; Buy levels: 0; Sell levels: 0
[SPX]	Product: Router; Buy levels: 0; Sell levels: 3
[SPX]		SELL 1 @ $140 (1 order)
[SPX]		SELL 1 @ $130 (1 order)
[SPX]		SELL 1 @ $120 (1 order)
[SPX]	Product: Cake; Buy levels: 0; Sell levels: 2
[SPX]		SELL 5 @ $10 (1 order)
[SPX]		SELL 7 @ $8 (1 order)
[SPX]	--POSITIONS--
[SPX]	Trader 0: GPU 0 ($0), Router 0 ($0), Cake 0 ($0)
[SPX]	Trader 1: GPU 0 ($0), Router 0 ($0), Cake 0 ($0)
[SPX] [T1] Parsing command: <BUY 0 Cake 9 11>
[SPX] Match: Order 4 [T0], New Order 0 [T1], value: $56, fee: $1.
[SPX] Match: Order 0 [T0], New Order 0 [T1], value: $20, fee: $0.
[SPX]	--ORDERBOOK--
[SPX]	Product: GPU; Buy levels: 0; Sell levels: 0
[SPX]	Product: Router; Buy levels: 0; Sell levels: 3
[SPX]		SELL 1 @ $140 (1 order)
[SPX]		SELL 1 @ $130 (1 order)
[SPX]		SELL 1 @ $120 (1 order)
[SPX]	Product: Cake; Buy levels: 0; Sell levels: 1
[SPX]		SELL 3 @ $10 (1 order)
[SPX]	--POSITIONS--
[SPX]	Trader 0: GPU 0 ($0), Router 0 ($0), Cake -9 ($76)
[SPX]	Trader 1: GPU 0 ($0), Router 0 ($0), Cake 9 ($-77)
[SPX] [T0] Parsing command: <SELL 5 Router 2 110>
[SPX]	--ORDERBOOK--
[SPX]	Product: GPU; Buy levels: 0; Sell levels: 0
[SPX]	Product: Router; Buy levels: 0; Sell levels: 4
[SPX]		SELL 1 @ $140 (1 order)
[SPX]		SELL 1 @ $130 (1 order)
[SPX]		SELL 1 @ $120 (1 order)
[SPX]		SELL 2 @ $110 (1 order)
[SPX]	Product: Cake; Buy levels: 0; Sell levels: 1
[SPX]		SELL 3 @ $10 (1 order)
[SPX]	--POSITIONS--
[SPX]	Trader 0: GPU 0 ($0), Router 0 ($0), Cake -9 ($76)
[SPX]	Trader 1: GPU 0 ($0), Router 0 ($0), Cake 9 ($-77)
[SPX] [T1] Parsing command: <BUY 1 Router 5 150>
[SPX] Match: Order 5 [T0], New Order 1 [T1], value: $220, fee: $2.
[SPX] Match: Order 1 [T0], New Order 1 [T1], value: $120, fee: $1.
[SPX] Match: Order 3 [T0], New Order 1 [T1], value: $130, fee: $1.
[SPX] Match: Order 2 [T0], New Order 1 [T1], value: $140, fee: $1.
[SPX]	--ORDERBOOK--
[SPX]	Product: GPU; Buy levels: 0; Sell levels: 0
[SPX]	Product: Router; Buy levels: 0; Sell levels: 0
[SPX]	Product: Cake; Buy levels: 0; Sell levels: 1
[SPX]		SELL 3 @ $10 (1 order)
[SPX]	--POSITIONS--
[SPX]	Trader 0: GPU 0 ($0), Router -5 ($610), Cake -9 ($76)
[SPX]	Trader 1: GPU 0 ($0), Router 5 ($-615), Cake 9 ($-77)
[SPX] [T0] Parsing command: <SELL 6 Cake 1 1000>
[SPX]	--ORDERBOOK--
[SPX]	Product: GPU; Buy levels: 0; Sell levels: 0
[SPX]	Product: Router; Buy levels: 0; Sell levels: 0
[SPX]	Product: Cake; Buy levels: 0; Sell levels: 2
[SPX]		SELL 1 @ $1000 (1 order)
[SPX]		SELL 3 @ $10 (1 order)
[SPX]	--POSITIONS--
[SPX]	Trader 0: GPU 0 ($0), Router -5 ($610), Cake -9 ($76)
[SPX]	Trader 1: GPU 0 ($0), Router 5 ($-615), Cake 9 ($-77)
[SPX] Trader 0 disconnected
[SPX] Trader 1 disconnected
[SPX] Trading completed
[SPX] Exchange fees collected: $6
