[T0] Received: MARKET OPEN
[T0] Received: ACCEPTED 0
[T0] Received: ACCEPTED 1
[T0] Received: ACCEPTED 2
[T0] Received: ACCEPTED 3
[T0] Received: ACCEPTED 4
[T0] Received: MARKET BUY Cake 9 11
[T0] Received: FILL 4 7
[T0] Received: FILL 0 2
[T0] Received: ACCEPTED 5
[T0] Received: MARKET BUY Router 5 150
[T0] Received: FILL 5 2
[T0] Received: FILL 1 1
[T0] Received: FILL 3 1
[T0] Received: FILL 2 1
[T0] Received: ACCEPTED 6
[T0] Event: DISCONNECT
