[T1] Received: MARKET OPEN
[T1] Received: MARKET SELL Cake 5 10
[T1] Received: MARKET SELL Router 1 120
[T1] Received: MARKET SELL Router 1 140
[T1] Received: MARKET SELL Router 1 130
[T1] Received: MARKET SELL Cake 7 8
[T1] Received: ACCEPTED 0
[T1] Received: FILL 0 7
[T1] Received: FILL 0 2
[T1] Received: MARKET SELL Router 2 110
[T1] Received: ACCEPTED 1
[T1] Received: FILL 1 2
[T1] Received: FILL 1 1
[T1] Received: FILL 1 1
[T1] Received: FILL 1 1
[T1] Received: MARKET SELL Cake 1 1000
[T1] Event: DISCONNECT
