[SPX] Starting
[SPX] Trading 3 products: GPU Router Cake
[SPX] Created FIFO /tmp/spx_exchange_0
[SPX] Created FIFO /tmp/spx_trader_0
[SPX] Starting trader 0 (./test_trader)
[SPX] Connected to /tmp/spx_exchange_0
[SPX] Connected to /tmp/spx_trader_0
[SPX] [T0] Parsing command: <SELL 0 GPU 100 2000>
[SPX]	--ORDERBOOK--
[SPX]	Product: GPU; Buy levels: 0; Sell levels: 1
[SPX]		SELL 100 @ $2000 (1 order)
[SPX]	Product: Router; Buy levels: 0; Sell levels: 0
[SPX]	Product: Cake; Buy levels: 0; Sell levels: 0
[SPX]	--POSITIONS--
[SPX]	Trader 0: GPU 0 ($0), Router 0 ($0), Cake 0 ($0)
[SPX] [T0] Parsing command: <BUY 1 GPU 60 100>
[SPX]	--ORDERBOOK--
[SPX]	Product: GPU; Buy levels: 1; Sell levels: 1
[SPX]		SELL 100 @ $2000 (1 order)
[SPX]		BUY 60 @ $100 (1 order)
[SPX]	Product: Router; Buy levels: 0; Sell levels: 0
[SPX]	Product: Cake; Buy levels: 0; Sell levels: 0
[SPX]	--POSITIONS--
[SPX]	Trader 0: GPU 0 ($0), Router 0 ($0), Cake 0 ($0)
[SPX] [T0] Parsing command: <BUY 2 Router 50 100>
[SPX]	--ORDERBOOK--
[SPX]	Product: GPU; Buy levels: 1; Sell levels: 1
[SPX]		SELL 100 @ $2000 (1 order)
[SPX]		BUY 60 @ $100 (1 order)
[SPX]	Product: Router; Buy levels: 1; Sell levels: 0
[SPX]		BUY 50 @ $100 (1 order)
[SPX]	Product: Cake; Buy levels: 0; Sell levels: 0
[SPX]	--POSITIONS--
[SPX]	Trader 0: GPU 0 ($0), Router 0 ($0), Cake 0 ($0)
[SPX] [T0] Parsing command: <SELL 3 Router 52 101>
[SPX]	--ORDERBOOK--
[SPX]	Product: GPU; Buy levels: 1; Sell levels: 1
[SPX]		SELL 100 @ $2000 (1 order)
[SPX]		BUY 60 @ $100 (1 order)
[SPX]	Product: Router; Buy levels: 1; Sell levels: 1
[SPX]		SELL 52 @ $101 (1 order)
[SPX]		BUY 50 @ $100 (1 order)
[SPX]	Product: Cake; Buy levels: 0; Sell levels: 0
[SPX]	--POSITIONS--
[SPX]	Trader 0: GPU 0 ($0), Router 0 ($0), Cake 0 ($0)
[SPX] [T0] Parsing command: <SELL 4 Cake 50 100>
[SPX]	--ORDERBOOK--
[SPX]	Product: GPU; Buy levels: 1; Sell levels: 1
[SPX]		SELL 100 @ $2000 (1 order)
[SPX]		BUY 60 @ $100 (1 order)
[SPX]	Product: Router; Buy levels: 1; Sell levels: 1
[SPX]		SELL 52 @ $101 (1 order)
[SPX]		BUY 50 @ $100 (1 order)
[SPX]	Product: Cake; Buy levels: 0; Sell levels: 1
[SPX]		SELL 50 @ $100 (1 order)
[SPX]	--POSITIONS--
[SPX]	Trader 0: GPU 0 ($0), Router 0 ($0), Cake 0 ($0)
[SPX] [T0] Parsing command: <CANCEL 4>
[SPX]	--ORDERBOOK--
[SPX]	Product: GPU; Buy levels: 1; Sell levels: 1
[SPX]		SELL 100 @ $2000 (1 order)
[SPX]		BUY 60 @ $100 (1 order)
[SPX]	Product: Router; Buy levels: 1; Sell levels: 1
[SPX]		SELL 52 @ $101 (1 order)
[SPX]		BUY 50 @ $100 (1 order)
[SPX]	Product: Cake; Buy levels: 0; Sell levels: 0
[SPX]	--POSITIONS--
[SPX]	Trader 0: GPU 0 ($0), Router 0 ($0), Cake 0 ($0)
[SPX] [T0] Parsing command: <CANCEL 0>
[SPX]	--ORDERBOOK--
[SPX]	Product: GPU; Buy levels: 1; Sell levels: 0
[SPX]		BUY 60 @ $100 (1 order)
[SPX]	Product: Router; Buy levels: 1; Sell levels: 1
[SPX]		SELL 52 @ $101 (1 order)
[SPX]		BUY 50 @ $100 (1 order)
[SPX]	Product: Cake; Buy levels: 0; Sell levels: 0
[SPX]	--POSITIONS--
[SPX]	Trader 0: GPU 0 ($0), Router 0 ($0), Cake 0 ($0)
[SPX] [T0] Parsing command: <CANCEL 3>
[SPX]	--ORDERBOOK--
[SPX]	Product: GPU; Buy levels: 1; Sell levels: 0
[SPX]		BUY 60 @ $100 (1 order)
[SPX]	Product: Router; Buy levels: 1; Sell levels: 0
[SPX]		BUY 50 @ $100 (1 order)
[SPX]	Product: Cake; Buy levels: 0; Sell levels: 0
[SPX]	--POSITIONS--
[SPX]	Trader 0: GPU 0 ($0), Router 0 ($0), Cake 0 ($0)
[SPX] [T0] Parsing command: <CANCEL 1>
[SPX]	--ORDERBOOK--
[SPX]	Product: GPU; Buy levels: 0; Sell levels: 0
[SPX]	Product: Router; Buy levels: 1; Sell levels: 0
[SPX]		BUY 50 @ $100 (1 order)
[SPX]	Product: Cake; Buy levels: 0; Sell levels: 0
[SPX]	--POSITIONS--
[SPX]	Trader 0: GPU 0 ($0), Router 0 ($0), Cake 0 ($0)
[SPX] [T0] Parsing command: <CANCEL 2>
[SPX]	--ORDERBOOK--
[SPX]	Product: GPU; Buy levels: 0; Sell levels: 0
[SPX]	Product: Router; Buy levels: 0; Sell levels: 0
[SPX]	Product: Cake; Buy levels: 0; Sell levels: 0
[SPX]	--POSITIONS--
[SPX]	Trader 0: GPU 0 ($0), Router 0 ($0), Cake 0 ($0)
[SPX] [T0] Parsing command: <CANCEL 2>
[SPX] Trader 0 disconnected
[SPX] Trading completed
[SPX] Exchange fees collected: $0
