[T0] Received: MARKET OPEN
[T0] Received: ACCEPTED 0
[T0] Received: ACCEPTED 1
[T0] Received: ACCEPTED 2
[T0] Received: ACCEPTED 3
[T0] Received: ACCEPTED 4
[T0] Received: CANCELLED 4
[T0] Received: CANCELLED 0
[T0] Received: CANCELLED 3
[T0] Received: CANCELLED 1
[T0] Received: CANCELLED 2
[T0] Received: INVALID
[T0] Event: DISCONNECT
