[T1] Received: MARKET OPEN
[T1] Received: MARKET BUY BTC 30 50000
[T1] Received: MARKET BUY ETH 30 4000
[T1] Received: MARKET BUY DOGE 1000 2
[T1] Received: ACCEPTED 0
[T1] Received: ACCEPTED 1
[T1] Received: ACCEPTED 2
[T1] Received: MARKET SELL BTC 50 40000
[T1] Received: FILL 0 20
[T1] Received: MARKET SELL ETH 60 2000
[T1] Received: FILL 1 30
[T1] Received: MARKET SELL DOGE 100000 1
[T1] Received: FILL 2 1100
[T1] Event: DISCONNECT
