[T1] Received: MARKET OPEN
[T1] Received: MARKET BUY BTC 30 50000
[T1] Received: MARKET BUY ETH 30 4000
[T1] Received: MARKET BUY DOGE 1000 2
[T1] Received: ACCEPTED 0
[T1] Received: ACCEPTED 1
[T1] Received: ACCEPTED 2
[T1] Event: DISCONNECT
