[T2] Received: MARKET OPEN
[T2] Received: MARKET BUY BTC 30 50000
[T2] Received: MARKET BUY ETH 30 4000
[T2] Received: MARKET BUY DOGE 1000 2
[T2] Received: MARKET BUY BTC 30 50000
[T2] Received: MARKET BUY ETH 30 4000
[T2] Received: MARKET BUY DOGE 1100 2
[T2] Received: ACCEPTED 0
[T2] Received: FILL 0 30
[T2] Received: FILL 0 20
[T2] Received: ACCEPTED 1
[T2] Received: FILL 1 30
[T2] Received: FILL 1 30
[T2] Received: ACCEPTED 2
[T2] Event: DISCONNECT
