[SPX] Starting
[SPX] Trading 3 products: GPU Router Cake
[SPX] Created FIFO /tmp/spx_exchange_0
[SPX] Created FIFO /tmp/spx_trader_0
[SPX] Starting trader 0 (./test_trader2)
[SPX] Connected to /tmp/spx_exchange_0
[SPX] Connected to /tmp/spx_trader_0
[SPX] [T0] Parsing command: <BUY 0 GPU 10 20>
[SPX]	--ORDERBOOK--
[SPX]	Product: GPU; Buy levels: 1; Sell levels: 0
[SPX]		BUY 10 @ $20 (1 order)
[SPX]	Product: Router; Buy levels: 0; Sell levels: 0
[SPX]	Product: Cake; Buy levels: 0; Sell levels: 0
[SPX]	--POSITIONS--
[SPX]	Trader 0: GPU 0 ($0), Router 0 ($0), Cake 0 ($0)
[SPX] [T0] Parsing command: <BUY 1 GPU 10 30>
[SPX]	--ORDERBOOK--
[SPX]	Product: GPU; Buy levels: 2; Sell levels: 0
[SPX]		BUY 10 @ $30 (1 order)
[SPX]		BUY 10 @ $20 (1 order)
[SPX]	Product: Router; Buy levels: 0; Sell levels: 0
[SPX]	Product: Cake; Buy levels: 0; Sell levels: 0
[SPX]	--POSITIONS--
[SPX]	Trader 0: GPU 0 ($0), Router 0 ($0), Cake 0 ($0)
[SPX] [T0] Parsing command: <BUY 2 GPU 10 40>
[SPX]	--ORDERBOOK--
[SPX]	Product: GPU; Buy levels: 3; Sell levels: 0
[SPX]		BUY 10 @ $40 (1 order)
[SPX]		BUY 10 @ $30 (1 order)
[SPX]		BUY 10 @ $20 (1 order)
[SPX]	Product: Router; Buy levels: 0; Sell levels: 0
[SPX]	Product: Cake; Buy levels: 0; Sell levels: 0
[SPX]	--POSITIONS--
[SPX]	Trader 0: GPU 0 ($0), Router 0 ($0), Cake 0 ($0)
[SPX] [T0] Parsing command: <BUY 3 GPU 10 50>
[SPX]	--ORDERBOOK--
[SPX]	Product: GPU; Buy levels: 4; Sell levels: 0
[SPX]		BUY 10 @ $50 (1 order)
[SPX]		BUY 10 @ $40 (1 order)
[SPX]		BUY 10 @ $30 (1 order)
[SPX]		BUY 10 @ $20 (1 order)
[SPX]	Product: Router; Buy levels: 0; Sell levels: 0
[SPX]	Product: Cake; Buy levels: 0; Sell levels: 0
[SPX]	--POSITIONS--
[SPX]	Trader 0: GPU 0 ($0), Router 0 ($0), Cake 0 ($0)
[SPX] [T0] Parsing command: <AMEND 3 10 30>
[SPX]	--ORDERBOOK--
[SPX]	Product: GPU; Buy levels: 3; Sell levels: 0
[SPX]		BUY 10 @ $40 (1 order)
[SPX]		BUY 20 @ $30 (2 orders)
[SPX]		BUY 10 @ $20 (1 order)
[SPX]	Product: Router; Buy levels: 0; Sell levels: 0
[SPX]	Product: Cake; Buy levels: 0; Sell levels: 0
[SPX]	--POSITIONS--
[SPX]	Trader 0: GPU 0 ($0), Router 0 ($0), Cake 0 ($0)
[SPX] Trader 0 disconnected
[SPX] Trading completed
[SPX] Exchange fees collected: $0
