[SPX] Starting
[SPX] Trading 3 products: GPU Router Cake
[SPX] Created FIFO /tmp/spx_exchange_0
[SPX] Created FIFO /tmp/spx_trader_0
[SPX] Starting trader 0 (./pipe_only_trader)
[SPX] Connected to /tmp/spx_exchange_0
[SPX] Connected to /tmp/spx_trader_0
[SPX] Created FIFO /tmp/spx_exchange_1
[SPX] Created FIFO /tmp/spx_trader_1
[SPX] Starting trader 1 (./test_trader)
[SPX] Connected to /tmp/spx_exchange_1
[SPX] Connected to /tmp/spx_trader_1
[SPX] [T1] Parsing command: <BUY 0 GPU 1 1>
[SPX]	--ORDERBOOK--
[SPX]	Product: GPU; Buy levels: 1; Sell levels: 0
[SPX]		BUY 1 @ $1 (1 order)
[SPX]	Product: Router; Buy levels: 0; Sell levels: 0
[SPX]	Product: Cake; Buy levels: 0; Sell levels: 0
[SPX]	--POSITIONS--
[SPX]	Trader 0: GPU 0 ($0), Router 0 ($0), Cake 0 ($0)
[SPX]	Trader 1: GPU 0 ($0), Router 0 ($0), Cake 0 ($0)
[SPX] [T1] Parsing command: <BUY 1 GPU 1 1>
[SPX]	--ORDERBOOK--
[SPX]	Product: GPU; Buy levels: 1; Sell levels: 0
[SPX]		BUY 2 @ $1 (2 orders)
[SPX]	Product: Router; Buy levels: 0; Sell levels: 0
[SPX]	Product: Cake; Buy levels: 0; Sell levels: 0
[SPX]	--POSITIONS--
[SPX]	Trader 0: GPU 0 ($0), Router 0 ($0), Cake 0 ($0)
[SPX]	Trader 1: GPU 0 ($0), Router 0 ($0), Cake 0 ($0)
[SPX] [T1] Parsing command: <BUY 2 GPU 1 1>
[SPX]	--ORDERBOOK--
[SPX]	Product: GPU; Buy levels: 1; Sell levels: 0
[SPX]		BUY 3 @ $1 (3 orders)
[SPX]	Product: Router; Buy levels: 0; Sell levels: 0
[SPX]	Product: Cake; Buy levels: 0; Sell levels: 0
[SPX]	--POSITIONS--
[SPX]	Trader 0: GPU 0 ($0), Router 0 ($0), Cake 0 ($0)
[SPX]	Trader 1: GPU 0 ($0), Router 0 ($0), Cake 0 ($0)
[SPX] [T1] Parsing command: <BUY 3 GPU 1 1>
[SPX]	--ORDERBOOK--
[SPX]	Product: GPU; Buy levels: 1; Sell levels: 0
[SPX]		BUY 4 @ $1 (4 orders)
[SPX]	Product: Router; Buy levels: 0; Sell levels: 0
[SPX]	Product: Cake; Buy levels: 0; Sell levels: 0
[SPX]	--POSITIONS--
[SPX]	Trader 0: GPU 0 ($0), Router 0 ($0), Cake 0 ($0)
[SPX]	Trader 1: GPU 0 ($0), Router 0 ($0), Cake 0 ($0)
[SPX] [T1] Parsing command: <BUY 4 GPU 1 1>
[SPX]	--ORDERBOOK--
[SPX]	Product: GPU; Buy levels: 1; Sell levels: 0
[SPX]		BUY 5 @ $1 (5 orders)
[SPX]	Product: Router; Buy levels: 0; Sell levels: 0
[SPX]	Product: Cake; Buy levels: 0; Sell levels: 0
[SPX]	--POSITIONS--
[SPX]	Trader 0: GPU 0 ($0), Router 0 ($0), Cake 0 ($0)
[SPX]	Trader 1: GPU 0 ($0), Router 0 ($0), Cake 0 ($0)
[SPX] Trader 0 disconnected
[SPX] Trader 1 disconnected
[SPX] Trading completed
[SPX] Exchange fees collected: $0
