[T0] Received: MARKET OPEN
[T0] Received: MARKET BUY GPU 1 1
[T0] Received: MARKET BUY GPU 1 1
[T0] Received: MARKET BUY GPU 1 1
[T0] Event: DISCONNECT
