[T1] Received: MARKET OPEN
[T1] Received: ACCEPTED 0
[T1] Received: ACCEPTED 1
[T1] Received: ACCEPTED 2
[T1] Received: ACCEPTED 3
[T1] Received: ACCEPTED 4
[T1] Event: DISCONNECT
