[SPX] Starting
[SPX] Trading 3 products: GPU Router Cake
[SPX] Created FIFO /tmp/spx_exchange_0
[SPX] Created FIFO /tmp/spx_trader_0
[SPX] Starting trader 0 (./test_trader)
[SPX] Connected to /tmp/spx_exchange_0
[SPX] Connected to /tmp/spx_trader_0
[SPX] [T0] Parsing command: <BUY 0 GPU 100 20>
[SPX]	--ORDERBOOK--
[SPX]	Product: GPU; Buy levels: 1; Sell levels: 0
[SPX]		BUY 100 @ $20 (1 order)
[SPX]	Product: Router; Buy levels: 0; Sell levels: 0
[SPX]	Product: Cake; Buy levels: 0; Sell levels: 0
[SPX]	--POSITIONS--
[SPX]	Trader 0: GPU 0 ($0), Router 0 ($0), Cake 0 ($0)
[SPX] [T0] Parsing command: <BUY 1 GPU 10 50>
[SPX]	--ORDERBOOK--
[SPX]	Product: GPU; Buy levels: 2; Sell levels: 0
[SPX]		BUY 10 @ $50 (1 order)
[SPX]		BUY 100 @ $20 (1 order)
[SPX]	Product: Router; Buy levels: 0; Sell levels: 0
[SPX]	Product: Cake; Buy levels: 0; Sell levels: 0
[SPX]	--POSITIONS--
[SPX]	Trader 0: GPU 0 ($0), Router 0 ($0), Cake 0 ($0)
[SPX] [T0] Parsing command: <BUY 2 GPU 10 50>
[SPX]	--ORDERBOOK--
[SPX]	Product: GPU; Buy levels: 2; Sell levels: 0
[SPX]		BUY 20 @ $50 (2 orders)
[SPX]		BUY 100 @ $20 (1 order)
[SPX]	Product: Router; Buy levels: 0; Sell levels: 0
[SPX]	Product: Cake; Buy levels: 0; Sell levels: 0
[SPX]	--POSITIONS--
[SPX]	Trader 0: GPU 0 ($0), Router 0 ($0), Cake 0 ($0)
[SPX] [T0] Parsing command: <BUY 3 GPU 10 50>
[SPX]	--ORDERBOOK--
[SPX]	Product: GPU; Buy levels: 2; Sell levels: 0
[SPX]		BUY 30 @ $50 (3 orders)
[SPX]		BUY 100 @ $20 (1 order)
[SPX]	Product: Router; Buy levels: 0; Sell levels: 0
[SPX]	Product: Cake; Buy levels: 0; Sell levels: 0
[SPX]	--POSITIONS--
[SPX]	Trader 0: GPU 0 ($0), Router 0 ($0), Cake 0 ($0)
[SPX] [T0] Parsing command: <BUY 4 Cake 10 50>
[SPX]	--ORDERBOOK--
[SPX]	Product: GPU; Buy levels: 2; Sell levels: 0
[SPX]		BUY 30 @ $50 (3 orders)
[SPX]		BUY 100 @ $20 (1 order)
[SPX]	Product: Router; Buy levels: 0; Sell levels: 0
[SPX]	Product: Cake; Buy levels: 1; Sell levels: 0
[SPX]		BUY 10 @ $50 (1 order)
[SPX]	--POSITIONS--
[SPX]	Trader 0: GPU 0 ($0), Router 0 ($0), Cake 0 ($0)
[SPX] [T0] Parsing command: <BUY 5 Cake 10 50>
[SPX]	--ORDERBOOK--
[SPX]	Product: GPU; Buy levels: 2; Sell levels: 0
[SPX]		BUY 30 @ $50 (3 orders)
[SPX]		BUY 100 @ $20 (1 order)
[SPX]	Product: Router; Buy levels: 0; Sell levels: 0
[SPX]	Product: Cake; Buy levels: 1; Sell levels: 0
[SPX]		BUY 20 @ $50 (2 orders)
[SPX]	--POSITIONS--
[SPX]	Trader 0: GPU 0 ($0), Router 0 ($0), Cake 0 ($0)
[SPX] [T0] Parsing command: <BUY 6 GPU 10 50>
[SPX]	--ORDERBOOK--
[SPX]	Product: GPU; Buy levels: 2; Sell levels: 0
[SPX]		BUY 40 @ $50 (4 orders)
[SPX]		BUY 100 @ $20 (1 order)
[SPX]	Product: Router; Buy levels: 0; Sell levels: 0
[SPX]	Product: Cake; Buy levels: 1; Sell levels: 0
[SPX]		BUY 20 @ $50 (2 orders)
[SPX]	--POSITIONS--
[SPX]	Trader 0: GPU 0 ($0), Router 0 ($0), Cake 0 ($0)
[SPX] [T0] Parsing command: <AMEND 3 10 420>
[SPX]	--ORDERBOOK--
[SPX]	Product: GPU; Buy levels: 3; Sell levels: 0
[SPX]		BUY 10 @ $420 (1 order)
[SPX]		BUY 30 @ $50 (3 orders)
[SPX]		BUY 100 @ $20 (1 order)
[SPX]	Product: Router; Buy levels: 0; Sell levels: 0
[SPX]	Product: Cake; Buy levels: 1; Sell levels: 0
[SPX]		BUY 20 @ $50 (2 orders)
[SPX]	--POSITIONS--
[SPX]	Trader 0: GPU 0 ($0), Router 0 ($0), Cake 0 ($0)
[SPX] [T0] Parsing command: <AMEND 1 10 420>
[SPX]	--ORDERBOOK--
[SPX]	Product: GPU; Buy levels: 3; Sell levels: 0
[SPX]		BUY 20 @ $420 (2 orders)
[SPX]		BUY 20 @ $50 (2 orders)
[SPX]		BUY 100 @ $20 (1 order)
[SPX]	Product: Router; Buy levels: 0; Sell levels: 0
[SPX]	Product: Cake; Buy levels: 1; Sell levels: 0
[SPX]		BUY 20 @ $50 (2 orders)
[SPX]	--POSITIONS--
[SPX]	Trader 0: GPU 0 ($0), Router 0 ($0), Cake 0 ($0)
[SPX] [T0] Parsing command: <AMEND 5 69 420>
[SPX]	--ORDERBOOK--
[SPX]	Product: GPU; Buy levels: 3; Sell levels: 0
[SPX]		BUY 20 @ $420 (2 orders)
[SPX]		BUY 20 @ $50 (2 orders)
[SPX]		BUY 100 @ $20 (1 order)
[SPX]	Product: Router; Buy levels: 0; Sell levels: 0
[SPX]	Product: Cake; Buy levels: 2; Sell levels: 0
[SPX]		BUY 69 @ $420 (1 order)
[SPX]		BUY 10 @ $50 (1 order)
[SPX]	--POSITIONS--
[SPX]	Trader 0: GPU 0 ($0), Router 0 ($0), Cake 0 ($0)
[SPX] Trader 0 disconnected
[SPX] Trading completed
[SPX] Exchange fees collected: $0
