[T0] Received: MARKET OPEN
[T0] Received: ACCEPTED 0
[T0] Received: ACCEPTED 1
[T0] Received: ACCEPTED 2
[T0] Received: ACCEPTED 3
[T0] Received: ACCEPTED 4
[T0] Received: ACCEPTED 5
[T0] Received: ACCEPTED 6
[T0] Received: AMENDED 3
[T0] Received: AMENDED 1
[T0] Received: AMENDED 5
[T0] Event: DISCONNECT
