[T0] Received: MARKET OPEN
[T0] Received: INVALID
[T0] Received: INVALID
[T0] Received: INVALID
[T0] Received: INVALID
[T0] Received: INVALID
[T0] Received: INVALID
[T0] Received: INVALID
[T0] Received: INVALID
[T0] Received: ACCEPTED 0
[T0] Received: INVALID
[T0] Event: DISCONNECT
